\BOOKMARK [0][-]{chapter*.2}{\376\377\000L\000E\000M\000B\000A\000R\000\040\000P\000E\000N\000G\000E\000S\000A\000H\000A\000N}{}% 1
\BOOKMARK [0][-]{chapter*.3}{\376\377\000P\000E\000R\000N\000Y\000A\000T\000A\000A\000N\000\040\000O\000R\000I\000S\000I\000N\000A\000L\000I\000T\000A\000S}{}% 2
\BOOKMARK [0][-]{chapter*.4}{\376\377\000P\000E\000R\000N\000Y\000A\000T\000A\000A\000N\000\040\000P\000E\000N\000G\000G\000U\000N\000A\000A\000N\000\040\000A\000I}{}% 3
\BOOKMARK [0][-]{chapter*.5}{\376\377\000A\000B\000S\000T\000R\000A\000K}{}% 4
\BOOKMARK [0][-]{chapter*.6}{\376\377\000K\000A\000T\000A\000\040\000P\000E\000N\000G\000A\000N\000T\000A\000R}{}% 5
\BOOKMARK [0][-]{section*.7}{\376\377\000D\000A\000F\000T\000A\000R\000\040\000I\000S\000I}{}% 6
\BOOKMARK [0][-]{section*.8}{\376\377\000D\000A\000F\000T\000A\000R\000\040\000G\000A\000M\000B\000A\000R}{}% 7
\BOOKMARK [0][-]{section*.9}{\376\377\000D\000A\000F\000T\000A\000R\000\040\000T\000A\000B\000E\000L}{}% 8
\BOOKMARK [0][-]{section*.10}{\376\377\000D\000A\000F\000T\000A\000R\000\040\000L\000I\000S\000T\000I\000N\000G}{}% 9
\BOOKMARK [0][-]{section*.10}{\376\377\000D\000A\000F\000T\000A\000R\000\040\000S\000I\000M\000B\000O\000L}{}% 10
\BOOKMARK [0][-]{table.0.1}{\376\377\000D\000A\000F\000T\000A\000R\000\040\000S\000I\000N\000G\000K\000A\000T\000A\000N}{}% 11
\BOOKMARK [0][-]{chapter.1}{\376\377\000P\000E\000N\000D\000A\000H\000U\000L\000U\000A\000N}{}% 12
\BOOKMARK [1][-]{section.1.1}{\376\377\000L\000a\000t\000a\000r\000\040\000B\000e\000l\000a\000k\000a\000n\000g}{chapter.1}% 13
\BOOKMARK [1][-]{section.1.2}{\376\377\000R\000u\000m\000u\000s\000a\000n\000\040\000M\000a\000s\000a\000l\000a\000h}{chapter.1}% 14
\BOOKMARK [1][-]{section.1.3}{\376\377\000T\000u\000j\000u\000a\000n}{chapter.1}% 15
\BOOKMARK [1][-]{section.1.4}{\376\377\000B\000a\000t\000a\000s\000a\000n\000\040\000M\000a\000s\000a\000l\000a\000h}{chapter.1}% 16
\BOOKMARK [1][-]{section.1.5}{\376\377\000M\000e\000t\000o\000d\000o\000l\000o\000g\000i}{chapter.1}% 17
\BOOKMARK [0][-]{chapter.2}{\376\377\000S\000T\000U\000D\000I\000\040\000L\000I\000T\000E\000R\000A\000T\000U\000R}{}% 18
\BOOKMARK [1][-]{section.2.1}{\376\377\000S\000i\000s\000t\000e\000m\000\040\000I\000n\000s\000p\000e\000k\000s\000i\000\040\000K\000a\000r\000g\000o\000:\000\040\000K\000o\000n\000t\000e\000k\000s\000\040\000d\000a\000n\000\040\000T\000a\000n\000t\000a\000n\000g\000a\000n}{chapter.2}% 19
\BOOKMARK [2][-]{subsection.2.1.1}{\376\377\000K\000l\000a\000s\000i\000f\000i\000k\000a\000s\000i\000\040\000M\000e\000t\000o\000d\000e\000\040\000I\000n\000s\000p\000e\000k\000s\000i\000\040\000K\000a\000r\000g\000o}{section.2.1}% 20
\BOOKMARK [2][-]{subsection.2.1.2}{\376\377\000M\000o\000d\000e\000l\000\040\000A\000l\000u\000r\000\040\000K\000e\000r\000j\000a\000\040\000I\000n\000s\000p\000e\000k\000s\000i\000\040\000B\000e\000r\000b\000a\000s\000i\000s\000\040\000R\000i\000s\000i\000k\000o}{section.2.1}% 21
\BOOKMARK [1][-]{section.2.2}{\376\377\000T\000e\000k\000n\000o\000l\000o\000g\000i\000\040\000I\000n\000s\000p\000e\000k\000s\000i\000\040\000K\000a\000r\000g\000o\000\040\000M\000o\000d\000e\000r\000n}{chapter.2}% 22
\BOOKMARK [2][-]{subsection.2.2.1}{\376\377\000K\000o\000n\000s\000e\000p\000\040\000N\000o\000n\000-\000I\000n\000t\000r\000u\000s\000i\000v\000e\000\040\000I\000n\000s\000p\000e\000c\000t\000i\000o\000n\000\040\000\050\000N\000I\000I\000\051\000\040\000d\000a\000n\000\040\000P\000e\000n\000c\000i\000t\000r\000a\000a\000n}{section.2.2}% 23
\BOOKMARK [2][-]{subsection.2.2.2}{\376\377\000T\000e\000r\000m\000o\000g\000r\000a\000f\000i\000\040\000I\000n\000f\000r\000a\000m\000e\000r\000a\000h\000\040\000s\000e\000b\000a\000g\000a\000i\000\040\000M\000e\000t\000o\000d\000e\000\040\000N\000o\000n\000d\000e\000s\000t\000r\000u\000k\000t\000i\000f}{section.2.2}% 24
\BOOKMARK [1][-]{section.2.3}{\376\377\000T\000e\000o\000r\000i\000\040\000A\000r\000s\000i\000t\000e\000k\000t\000u\000r\000\040\000S\000i\000s\000t\000e\000m\000\040\000T\000e\000r\000i\000n\000t\000e\000g\000r\000a\000s\000i}{chapter.2}% 25
\BOOKMARK [2][-]{subsection.2.3.1}{\376\377\000P\000r\000i\000n\000s\000i\000p\000\040\000A\000r\000s\000i\000t\000e\000k\000t\000u\000r\000\040\000S\000i\000s\000t\000e\000m\000\040\000T\000e\000r\000d\000i\000s\000t\000r\000i\000b\000u\000s\000i}{section.2.3}% 26
\BOOKMARK [2][-]{subsection.2.3.2}{\376\377\000A\000t\000r\000i\000b\000u\000t\000\040\000K\000u\000a\000l\000i\000t\000a\000s\000\040\000d\000a\000l\000a\000m\000\040\000A\000r\000s\000i\000t\000e\000k\000t\000u\000r\000\040\000S\000i\000s\000t\000e\000m}{section.2.3}% 27
\BOOKMARK [2][-]{subsection.2.3.3}{\376\377\000P\000a\000r\000a\000d\000i\000g\000m\000a\000\040\000E\000d\000g\000e\000-\000C\000l\000o\000u\000d\000\040\000C\000o\000m\000p\000u\000t\000i\000n\000g}{section.2.3}% 28
\BOOKMARK [2][-]{subsection.2.3.4}{\376\377\000P\000r\000i\000n\000s\000i\000p\000\040\000A\000r\000s\000i\000t\000e\000k\000t\000u\000r\000\040\000L\000a\000y\000a\000n\000a\000n}{section.2.3}% 29
\BOOKMARK [1][-]{section.2.4}{\376\377\000K\000e\000c\000e\000r\000d\000a\000s\000a\000n\000\040\000B\000u\000a\000t\000a\000n\000\040\000d\000a\000l\000a\000m\000\040\000I\000n\000s\000p\000e\000k\000s\000i\000\040\000V\000i\000s\000u\000a\000l}{chapter.2}% 30
\BOOKMARK [2][-]{subsection.2.4.1}{\376\377\000K\000o\000n\000s\000e\000p\000\040\000P\000e\000m\000o\000d\000e\000l\000a\000n\000\040\000V\000i\000s\000u\000a\000l\000\040\000O\000t\000o\000m\000a\000t\000i\000s}{section.2.4}% 31
\BOOKMARK [2][-]{subsection.2.4.2}{\376\377\000P\000e\000m\000b\000e\000l\000a\000j\000a\000r\000a\000n\000\040\000d\000a\000r\000i\000\040\000P\000o\000l\000a\000\040\000D\000a\000t\000a\000\040\000V\000i\000s\000u\000a\000l}{section.2.4}% 32
\BOOKMARK [2][-]{subsection.2.4.3}{\376\377\000P\000r\000i\000n\000s\000i\000p\000\040\000K\000e\000a\000n\000d\000a\000l\000a\000n\000\040\000M\000o\000d\000e\000l\000\040\000P\000r\000e\000d\000i\000k\000t\000i\000f}{section.2.4}% 33
\BOOKMARK [1][-]{section.2.5}{\376\377\000K\000o\000m\000u\000n\000i\000k\000a\000s\000i\000\040\000D\000a\000t\000a\000\040\000d\000a\000n\000\040\000I\000n\000t\000e\000g\000r\000a\000s\000i\000\040\000S\000i\000s\000t\000e\000m}{chapter.2}% 34
\BOOKMARK [2][-]{subsection.2.5.1}{\376\377\000K\000o\000n\000s\000e\000p\000\040\000K\000o\000m\000u\000n\000i\000k\000a\000s\000i\000\040\000B\000e\000r\000b\000a\000s\000i\000s\000\040\000K\000e\000j\000a\000d\000i\000a\000n}{section.2.5}% 35
\BOOKMARK [2][-]{subsection.2.5.2}{\376\377\000M\000e\000k\000a\000n\000i\000s\000m\000e\000\040\000P\000e\000n\000y\000a\000m\000p\000a\000i\000a\000n\000\040\000I\000n\000f\000o\000r\000m\000a\000s\000i\000\040\000T\000e\000r\000d\000i\000s\000t\000r\000i\000b\000u\000s\000i}{section.2.5}% 36
\BOOKMARK [2][-]{subsection.2.5.3}{\376\377\000P\000r\000i\000n\000s\000i\000p\000\040\000I\000n\000t\000e\000r\000o\000p\000e\000r\000a\000b\000i\000l\000i\000t\000a\000s\000\040\000d\000a\000n\000\040\000S\000t\000a\000n\000d\000a\000r\000d\000i\000s\000a\000s\000i}{section.2.5}% 37
\BOOKMARK [1][-]{section.2.6}{\376\377\000T\000a\000t\000a\000\040\000K\000e\000l\000o\000l\000a\000\040\000T\000e\000k\000n\000o\000l\000o\000g\000i\000\040\000I\000n\000f\000o\000r\000m\000a\000s\000i\000\040\000u\000n\000t\000u\000k\000\040\000S\000i\000s\000t\000e\000m\000\040\000I\000n\000s\000p\000e\000k\000s\000i}{chapter.2}% 38
\BOOKMARK [2][-]{subsection.2.6.1}{\376\377\000K\000e\000r\000a\000n\000g\000k\000a\000\040\000C\000O\000B\000I\000T\000\040\000u\000n\000t\000u\000k\000\040\000T\000a\000t\000a\000\040\000K\000e\000l\000o\000l\000a\000\040\000T\000I}{section.2.6}% 39
\BOOKMARK [2][-]{subsection.2.6.2}{\376\377\000I\000T\000I\000L\000\040\000u\000n\000t\000u\000k\000\040\000S\000e\000r\000v\000i\000c\000e\000\040\000M\000a\000n\000a\000g\000e\000m\000e\000n\000t}{section.2.6}% 40
\BOOKMARK [2][-]{subsection.2.6.3}{\376\377\000P\000r\000i\000n\000s\000i\000p\000\040\000A\000u\000d\000i\000t\000\040\000T\000r\000a\000i\000l\000\040\000d\000a\000n\000\040\000D\000i\000g\000i\000t\000a\000l\000\040\000E\000v\000i\000d\000e\000n\000c\000e}{section.2.6}% 41
\BOOKMARK [1][-]{section.2.7}{\376\377\000S\000t\000a\000n\000d\000a\000r\000\040\000I\000n\000d\000u\000s\000t\000r\000i\000\040\000d\000a\000n\000\040\000R\000e\000g\000u\000l\000a\000s\000i}{chapter.2}% 42
\BOOKMARK [2][-]{subsection.2.7.1}{\376\377\000S\000t\000a\000n\000d\000a\000r\000\040\000I\000n\000s\000p\000e\000k\000s\000i\000\040\000K\000o\000n\000t\000a\000i\000n\000e\000r\000\040\000I\000n\000t\000e\000r\000n\000a\000s\000i\000o\000n\000a\000l}{section.2.7}% 43
\BOOKMARK [2][-]{subsection.2.7.2}{\376\377\000W\000C\000O\000\040\000S\000A\000F\000E\000\040\000F\000r\000a\000m\000e\000w\000o\000r\000k}{section.2.7}% 44
\BOOKMARK [2][-]{subsection.2.7.3}{\376\377\000R\000e\000g\000u\000l\000a\000s\000i\000\040\000N\000a\000s\000i\000o\000n\000a\000l\000\040\000I\000n\000d\000o\000n\000e\000s\000i\000a}{section.2.7}% 45
\BOOKMARK [1][-]{section.2.8}{\376\377\000P\000r\000i\000n\000s\000i\000p\000\040\000P\000e\000n\000g\000e\000l\000o\000l\000a\000a\000n\000\040\000D\000a\000t\000a\000\040\000d\000a\000l\000a\000m\000\040\000S\000i\000s\000t\000e\000m\000\040\000I\000n\000s\000p\000e\000k\000s\000i}{chapter.2}% 46
\BOOKMARK [1][-]{section.2.9}{\376\377\000C\000e\000l\000a\000h\000\040\000L\000i\000t\000e\000r\000a\000t\000u\000r\000\040\000d\000a\000n\000\040\000K\000o\000n\000t\000r\000i\000b\000u\000s\000i\000\040\000P\000e\000n\000e\000l\000i\000t\000i\000a\000n}{chapter.2}% 47
\BOOKMARK [2][-]{subsection.2.9.1}{\376\377\000I\000d\000e\000n\000t\000i\000f\000i\000k\000a\000s\000i\000\040\000C\000e\000l\000a\000h\000\040\000P\000e\000n\000e\000l\000i\000t\000i\000a\000n}{section.2.9}% 48
\BOOKMARK [2][-]{subsection.2.9.2}{\376\377\000K\000o\000n\000t\000r\000i\000b\000u\000s\000i\000\040\000T\000u\000g\000a\000s\000\040\000A\000k\000h\000i\000r}{section.2.9}% 49
\BOOKMARK [0][-]{chapter.3}{\376\377\000A\000N\000A\000L\000I\000S\000I\000S\000\040\000M\000A\000S\000A\000L\000A\000H}{}% 50
\BOOKMARK [1][-]{section.3.1}{\376\377\000A\000n\000a\000l\000i\000s\000i\000s\000\040\000S\000i\000s\000t\000e\000m\000\040\000S\000a\000a\000t\000\040\000I\000n\000i}{chapter.3}% 51
\BOOKMARK [2][-]{subsection.3.1.1}{\376\377\000M\000o\000d\000e\000l\000\040\000K\000o\000n\000s\000e\000p\000t\000u\000a\000l\000\040\000S\000i\000s\000t\000e\000m\000\040\000I\000n\000s\000p\000e\000k\000s\000i\000\040\000K\000o\000n\000t\000a\000i\000n\000e\000r\000\040\000S\000a\000a\000t\000\040\000I\000n\000i}{section.3.1}% 52
\BOOKMARK [3][-]{subsubsection.3.1.1.1}{\376\377\000D\000i\000m\000e\000n\000s\000i\000\040\000M\000a\000n\000u\000s\000i\000a}{subsection.3.1.1}% 53
\BOOKMARK [3][-]{subsubsection.3.1.1.2}{\376\377\000D\000i\000m\000e\000n\000s\000i\000\040\000P\000r\000o\000s\000e\000s}{subsection.3.1.1}% 54
\BOOKMARK [3][-]{subsubsection.3.1.1.3}{\376\377\000D\000i\000m\000e\000n\000s\000i\000\040\000T\000e\000k\000n\000o\000l\000o\000g\000i}{subsection.3.1.1}% 55
\BOOKMARK [3][-]{subsubsection.3.1.1.4}{\376\377\000D\000i\000m\000e\000n\000s\000i\000\040\000D\000a\000t\000a}{subsection.3.1.1}% 56
\BOOKMARK [2][-]{subsection.3.1.2}{\376\377\000I\000d\000e\000n\000t\000i\000f\000i\000k\000a\000s\000i\000\040\000M\000a\000s\000a\000l\000a\000h\000\040\000A\000r\000s\000i\000t\000e\000k\000t\000u\000r\000a\000l}{section.3.1}% 57
\BOOKMARK [3][-]{subsubsection.3.1.2.1}{\376\377\000M\000a\000s\000a\000l\000a\000h\000\040\000S\000t\000a\000n\000d\000a\000r\000d\000i\000s\000a\000s\000i\000\040\000P\000r\000o\000s\000e\000s}{subsection.3.1.2}% 58
\BOOKMARK [3][-]{subsubsection.3.1.2.2}{\376\377\000M\000a\000s\000a\000l\000a\000h\000\040\000I\000n\000t\000e\000g\000r\000a\000s\000i\000\040\000d\000a\000n\000\040\000I\000n\000t\000e\000r\000o\000p\000e\000r\000a\000b\000i\000l\000i\000t\000a\000s}{subsection.3.1.2}% 59
\BOOKMARK [3][-]{subsubsection.3.1.2.3}{\376\377\000M\000a\000s\000a\000l\000a\000h\000\040\000K\000e\000a\000n\000d\000a\000l\000a\000n\000\040\000O\000p\000e\000r\000a\000s\000i\000o\000n\000a\000l}{subsection.3.1.2}% 60
\BOOKMARK [1][-]{section.3.2}{\376\377\000A\000n\000a\000l\000i\000s\000i\000s\000\040\000K\000e\000b\000u\000t\000u\000h\000a\000n\000\040\000S\000i\000s\000t\000e\000m}{chapter.3}% 61
\BOOKMARK [2][-]{subsection.3.2.1}{\376\377\000K\000e\000b\000u\000t\000u\000h\000a\000n\000\040\000F\000u\000n\000g\000s\000i\000o\000n\000a\000l}{section.3.2}% 62
\BOOKMARK [2][-]{subsection.3.2.2}{\376\377\000K\000e\000b\000u\000t\000u\000h\000a\000n\000\040\000N\000o\000n\000f\000u\000n\000g\000s\000i\000o\000n\000a\000l}{section.3.2}% 63
\BOOKMARK [1][-]{section.3.3}{\376\377\000A\000l\000t\000e\000r\000n\000a\000t\000i\000f\000\040\000S\000o\000l\000u\000s\000i\000\040\000K\000o\000n\000s\000e\000p\000t\000u\000a\000l}{chapter.3}% 64
\BOOKMARK [2][-]{subsection.3.3.1}{\376\377\000A\000l\000t\000e\000r\000n\000a\000t\000i\000f\000\040\0001\000:\000\040\000A\000r\000s\000i\000t\000e\000k\000t\000u\000r\000\040\000S\000t\000a\000n\000d\000a\000r\000d\000i\000s\000a\000s\000i\000\040\000P\000r\000o\000s\000e\000s\000\040\000d\000a\000n\000\040\000S\000t\000r\000u\000k\000t\000u\000r\000\040\000D\000a\000t\000a}{section.3.3}% 65
\BOOKMARK [3][-]{subsubsection.3.3.1.1}{\376\377\000P\000r\000i\000n\000s\000i\000p\000\040\000D\000e\000s\000a\000i\000n}{subsection.3.3.1}% 66
\BOOKMARK [3][-]{subsubsection.3.3.1.2}{\376\377\000K\000e\000l\000e\000b\000i\000h\000a\000n}{subsection.3.3.1}% 67
\BOOKMARK [3][-]{subsubsection.3.3.1.3}{\376\377\000K\000e\000t\000e\000r\000b\000a\000t\000a\000s\000a\000n}{subsection.3.3.1}% 68
\BOOKMARK [2][-]{subsection.3.3.2}{\376\377\000A\000l\000t\000e\000r\000n\000a\000t\000i\000f\000\040\0002\000:\000\040\000A\000r\000s\000i\000t\000e\000k\000t\000u\000r\000\040\000I\000n\000t\000e\000g\000r\000a\000s\000i\000\040\000T\000e\000r\000o\000r\000k\000e\000s\000t\000r\000a\000s\000i}{section.3.3}% 69
\BOOKMARK [3][-]{subsubsection.3.3.2.1}{\376\377\000P\000r\000i\000n\000s\000i\000p\000\040\000D\000e\000s\000a\000i\000n}{subsection.3.3.2}% 70
\BOOKMARK [3][-]{subsubsection.3.3.2.2}{\376\377\000K\000e\000l\000e\000b\000i\000h\000a\000n}{subsection.3.3.2}% 71
\BOOKMARK [3][-]{subsubsection.3.3.2.3}{\376\377\000K\000e\000t\000e\000r\000b\000a\000t\000a\000s\000a\000n}{subsection.3.3.2}% 72
\BOOKMARK [2][-]{subsection.3.3.3}{\376\377\000A\000l\000t\000e\000r\000n\000a\000t\000i\000f\000\040\0003\000:\000\040\000A\000r\000s\000i\000t\000e\000k\000t\000u\000r\000\040\000M\000o\000d\000u\000l\000a\000r\000\040\000B\000e\000r\000b\000a\000s\000i\000s\000\040\000D\000o\000m\000a\000i\000n}{section.3.3}% 73
\BOOKMARK [3][-]{subsubsection.3.3.3.1}{\376\377\000P\000r\000i\000n\000s\000i\000p\000\040\000D\000e\000s\000a\000i\000n}{subsection.3.3.3}% 74
\BOOKMARK [3][-]{subsubsection.3.3.3.2}{\376\377\000K\000e\000l\000e\000b\000i\000h\000a\000n}{subsection.3.3.3}% 75
\BOOKMARK [3][-]{subsubsection.3.3.3.3}{\376\377\000K\000e\000t\000e\000r\000b\000a\000t\000a\000s\000a\000n}{subsection.3.3.3}% 76
\BOOKMARK [2][-]{subsection.3.3.4}{\376\377\000A\000l\000t\000e\000r\000n\000a\000t\000i\000f\000\040\0004\000:\000\040\000A\000r\000s\000i\000t\000e\000k\000t\000u\000r\000\040\000A\000l\000u\000r\000\040\000K\000e\000r\000j\000a\000\040\000B\000e\000r\000b\000a\000s\000i\000s\000\040\000P\000e\000r\000i\000s\000t\000i\000w\000a}{section.3.3}% 77
\BOOKMARK [3][-]{subsubsection.3.3.4.1}{\376\377\000P\000r\000i\000n\000s\000i\000p\000\040\000D\000e\000s\000a\000i\000n}{subsection.3.3.4}% 78
\BOOKMARK [3][-]{subsubsection.3.3.4.2}{\376\377\000K\000e\000l\000e\000b\000i\000h\000a\000n}{subsection.3.3.4}% 79
\BOOKMARK [3][-]{subsubsection.3.3.4.3}{\376\377\000K\000e\000t\000e\000r\000b\000a\000t\000a\000s\000a\000n}{subsection.3.3.4}% 80
\BOOKMARK [2][-]{subsection.3.3.5}{\376\377\000A\000l\000t\000e\000r\000n\000a\000t\000i\000f\000\040\0005\000:\000\040\000A\000r\000s\000i\000t\000e\000k\000t\000u\000r\000\040\000T\000a\000t\000a\000\040\000K\000e\000l\000o\000l\000a\000\040\000D\000a\000t\000a\000\040\000T\000e\000r\000p\000a\000d\000u}{section.3.3}% 81
\BOOKMARK [3][-]{subsubsection.3.3.5.1}{\376\377\000P\000r\000i\000n\000s\000i\000p\000\040\000D\000e\000s\000a\000i\000n}{subsection.3.3.5}% 82
\BOOKMARK [3][-]{subsubsection.3.3.5.2}{\376\377\000K\000e\000l\000e\000b\000i\000h\000a\000n}{subsection.3.3.5}% 83
\BOOKMARK [3][-]{subsubsection.3.3.5.3}{\376\377\000K\000e\000t\000e\000r\000b\000a\000t\000a\000s\000a\000n}{subsection.3.3.5}% 84
\BOOKMARK [1][-]{section.3.4}{\376\377\000A\000n\000a\000l\000i\000s\000i\000s\000\040\000P\000e\000m\000i\000l\000i\000h\000a\000n\000\040\000S\000o\000l\000u\000s\000i}{chapter.3}% 85
\BOOKMARK [2][-]{subsection.3.4.1}{\376\377\000K\000r\000i\000t\000e\000r\000i\000a\000\040\000E\000v\000a\000l\000u\000a\000s\000i}{section.3.4}% 86
\BOOKMARK [2][-]{subsection.3.4.2}{\376\377\000M\000a\000t\000r\000i\000k\000s\000\040\000P\000e\000r\000b\000a\000n\000d\000i\000n\000g\000a\000n\000\040\000A\000l\000t\000e\000r\000n\000a\000t\000i\000f}{section.3.4}% 87
\BOOKMARK [2][-]{subsection.3.4.3}{\376\377\000J\000u\000s\000t\000i\000f\000i\000k\000a\000s\000i\000\040\000P\000e\000m\000i\000l\000i\000h\000a\000n\000\040\000S\000o\000l\000u\000s\000i}{section.3.4}% 88
\BOOKMARK [3][-]{subsubsection.3.4.3.1}{\376\377\000J\000u\000s\000t\000i\000f\000i\000k\000a\000s\000i\000\040\000O\000p\000e\000r\000a\000s\000i\000o\000n\000a\000l}{subsection.3.4.3}% 89
\BOOKMARK [3][-]{subsubsection.3.4.3.2}{\376\377\000J\000u\000s\000t\000i\000f\000i\000k\000a\000s\000i\000\040\000A\000t\000r\000i\000b\000u\000t\000\040\000K\000u\000a\000l\000i\000t\000a\000s}{subsection.3.4.3}% 90
\BOOKMARK [3][-]{subsubsection.3.4.3.3}{\376\377\000J\000u\000s\000t\000i\000f\000i\000k\000a\000s\000i\000\040\000B\000e\000r\000d\000a\000s\000a\000r\000k\000a\000n\000\040\000P\000r\000i\000n\000s\000i\000p\000\040\000A\000r\000s\000i\000t\000e\000k\000t\000u\000r}{subsection.3.4.3}% 91
\BOOKMARK [3][-]{subsubsection.3.4.3.4}{\376\377\000J\000u\000s\000t\000i\000f\000i\000k\000a\000s\000i\000\040\000B\000e\000r\000d\000a\000s\000a\000r\000k\000a\000n\000\040\000S\000t\000a\000n\000d\000a\000r\000\040\000d\000a\000n\000\040\000R\000e\000g\000u\000l\000a\000s\000i}{subsection.3.4.3}% 92
\BOOKMARK [1][-]{section.3.5}{\376\377\000K\000e\000s\000i\000m\000p\000u\000l\000a\000n\000\040\000A\000n\000a\000l\000i\000s\000i\000s}{chapter.3}% 93
\BOOKMARK [0][-]{chapter.4}{\376\377\000P\000E\000R\000A\000N\000C\000A\000N\000G\000A\000N}{}% 94
\BOOKMARK [1][-]{section.4.1}{\376\377\000D\000e\000s\000a\000i\000n\000\040\000S\000i\000s\000t\000e\000m\000\040\000S\000e\000c\000a\000r\000a\000\040\000U\000m\000u\000m}{chapter.4}% 95
\BOOKMARK [2][-]{subsection.4.1.1}{\376\377\000V\000i\000s\000i\000\040\000d\000a\000n\000\040\000P\000r\000i\000n\000s\000i\000p\000\040\000D\000e\000s\000a\000i\000n}{section.4.1}% 96
\BOOKMARK [2][-]{subsection.4.1.2}{\376\377\000K\000a\000p\000a\000b\000i\000l\000i\000t\000a\000s\000\040\000A\000r\000s\000i\000t\000e\000k\000t\000u\000r\000\040\000y\000a\000n\000g\000\040\000D\000i\000p\000e\000r\000l\000u\000k\000a\000n}{section.4.1}% 97
\BOOKMARK [1][-]{section.4.2}{\376\377\000P\000e\000r\000b\000a\000n\000d\000i\000n\000g\000a\000n\000\040\000S\000i\000s\000t\000e\000m\000\040\000S\000a\000a\000t\000\040\000I\000n\000i\000\040\000d\000a\000n\000\040\000S\000i\000s\000t\000e\000m\000\040\000U\000s\000u\000l\000a\000n}{chapter.4}% 98
\BOOKMARK [2][-]{subsection.4.2.1}{\376\377\000D\000e\000s\000k\000r\000i\000p\000s\000i\000\040\000S\000i\000s\000t\000e\000m\000\040\000S\000a\000a\000t\000\040\000I\000n\000i}{section.4.2}% 99
\BOOKMARK [2][-]{subsection.4.2.2}{\376\377\000D\000e\000s\000k\000r\000i\000p\000s\000i\000\040\000S\000i\000s\000t\000e\000m\000\040\000U\000s\000u\000l\000a\000n}{section.4.2}% 100
\BOOKMARK [2][-]{subsection.4.2.3}{\376\377\000P\000e\000r\000b\000a\000n\000d\000i\000n\000g\000a\000n\000\040\000K\000o\000n\000s\000e\000p\000t\000u\000a\000l\000\040\000S\000i\000s\000t\000e\000m}{section.4.2}% 101
\BOOKMARK [1][-]{section.4.3}{\376\377\000A\000r\000s\000i\000t\000e\000k\000t\000u\000r\000\040\000K\000o\000m\000p\000o\000n\000e\000n}{chapter.4}% 102
\BOOKMARK [2][-]{subsection.4.3.1}{\376\377\000D\000i\000a\000g\000r\000a\000m\000\040\000K\000o\000n\000t\000e\000k\000s\000\040\000S\000i\000s\000t\000e\000m}{section.4.3}% 103
\BOOKMARK [2][-]{subsection.4.3.2}{\376\377\000S\000t\000r\000u\000k\000t\000u\000r\000\040\000L\000a\000p\000i\000s\000a\000n\000\040\000A\000r\000s\000i\000t\000e\000k\000t\000u\000r}{section.4.3}% 104
\BOOKMARK [3][-]{subsubsection.4.3.2.1}{\376\377\000P\000o\000l\000a\000\040\000I\000n\000t\000e\000r\000a\000k\000s\000i\000\040\000K\000o\000m\000p\000o\000n\000e\000n}{subsection.4.3.2}% 105
\BOOKMARK [1][-]{section.4.4}{\376\377\000A\000r\000s\000i\000t\000e\000k\000t\000u\000r\000\040\000P\000e\000n\000e\000m\000p\000a\000t\000a\000n}{chapter.4}% 106
\BOOKMARK [2][-]{subsection.4.4.1}{\376\377\000S\000t\000r\000a\000t\000e\000g\000i\000\040\000P\000e\000n\000e\000m\000p\000a\000t\000a\000n\000\040\000K\000o\000m\000p\000o\000n\000e\000n}{section.4.4}% 107
\BOOKMARK [2][-]{subsection.4.4.2}{\376\377\000A\000r\000s\000i\000t\000e\000k\000t\000u\000r\000\040\000E\000d\000g\000e\000\040\000d\000a\000n\000\040\000A\000k\000u\000i\000s\000i\000s\000i\000\040\000D\000a\000t\000a}{section.4.4}% 108
\BOOKMARK [1][-]{section.4.5}{\376\377\000A\000r\000s\000i\000t\000e\000k\000t\000u\000r\000\040\000D\000a\000t\000a\000\040\000d\000a\000n\000\040\000K\000o\000m\000u\000n\000i\000k\000a\000s\000i}{chapter.4}% 109
\BOOKMARK [2][-]{subsection.4.5.1}{\376\377\000M\000o\000d\000e\000l\000\040\000D\000a\000t\000a\000\040\000K\000o\000n\000s\000e\000p\000t\000u\000a\000l}{section.4.5}% 110
\BOOKMARK [3][-]{subsubsection.4.5.1.1}{\376\377\000M\000e\000k\000a\000n\000i\000s\000m\000e\000\040\000K\000o\000m\000u\000n\000i\000k\000a\000s\000i\000\040\000D\000a\000t\000a}{subsection.4.5.1}% 111
\BOOKMARK [1][-]{section.4.6}{\376\377\000A\000r\000s\000i\000t\000e\000k\000t\000u\000r\000\040\000I\000n\000t\000e\000g\000r\000a\000s\000i}{chapter.4}% 112
\BOOKMARK [2][-]{subsection.4.6.1}{\376\377\000S\000t\000r\000a\000t\000e\000g\000i\000\040\000I\000n\000t\000e\000g\000r\000a\000s\000i\000\040\000d\000e\000n\000g\000a\000n\000\040\000S\000i\000s\000t\000e\000m\000\040\000E\000k\000s\000t\000e\000r\000n\000a\000l}{section.4.6}% 113
\BOOKMARK [3][-]{subsubsection.4.6.1.1}{\376\377\000P\000o\000l\000a\000\040\000A\000d\000a\000p\000t\000e\000r\000\040\000u\000n\000t\000u\000k\000\040\000S\000i\000s\000t\000e\000m\000\040\000E\000k\000s\000t\000e\000r\000n\000a\000l}{subsection.4.6.1}% 114
\BOOKMARK [3][-]{subsubsection.4.6.1.2}{\376\377\000P\000e\000m\000e\000t\000a\000a\000n\000\040\000d\000a\000n\000\040\000T\000r\000a\000n\000s\000f\000o\000r\000m\000a\000s\000i\000\040\000D\000a\000t\000a}{subsection.4.6.1}% 115
\BOOKMARK [3][-]{subsubsection.4.6.1.3}{\376\377\000P\000e\000n\000a\000n\000g\000a\000n\000a\000n\000\040\000K\000e\000s\000a\000l\000a\000h\000a\000n\000\040\000d\000a\000n\000\040\000K\000e\000t\000a\000h\000a\000n\000a\000n}{subsection.4.6.1}% 116
\BOOKMARK [1][-]{section.4.7}{\376\377\000A\000n\000t\000a\000r\000m\000u\000k\000a\000\040\000L\000a\000y\000a\000n\000a\000n}{chapter.4}% 117
\BOOKMARK [1][-]{section.4.8}{\376\377\000A\000l\000u\000r\000\040\000P\000r\000o\000s\000e\000s\000\040\000U\000t\000a\000m\000a}{chapter.4}% 118
\BOOKMARK [1][-]{section.4.9}{\376\377\000P\000r\000i\000n\000s\000i\000p\000\040\000K\000e\000a\000m\000a\000n\000a\000n}{chapter.4}% 119
\BOOKMARK [1][-]{section.4.10}{\376\377\000P\000e\000m\000e\000t\000a\000a\000n\000\040\000K\000o\000m\000p\000o\000n\000e\000n\000\040\000t\000e\000r\000h\000a\000d\000a\000p\000\040\000A\000t\000r\000i\000b\000u\000t\000\040\000K\000u\000a\000l\000i\000t\000a\000s\000\040\000I\000S\000O\000\040\0002\0005\0000\0001\0000}{chapter.4}% 120
\BOOKMARK [1][-]{section.4.11}{\376\377\000K\000e\000s\000i\000m\000p\000u\000l\000a\000n\000\040\000D\000e\000s\000a\000i\000n}{chapter.4}% 121
\BOOKMARK [2][-]{subsection.4.11.1}{\376\377\000K\000e\000p\000u\000t\000u\000s\000a\000n\000\040\000A\000r\000s\000i\000t\000e\000k\000t\000u\000r\000a\000l\000\040\000K\000u\000n\000c\000i}{section.4.11}% 122
\BOOKMARK [2][-]{subsection.4.11.2}{\376\377\000K\000e\000b\000u\000t\000u\000h\000a\000n\000\040\000O\000p\000e\000r\000a\000s\000i\000o\000n\000a\000l\000\040\000S\000i\000s\000t\000e\000m}{section.4.11}% 123
\BOOKMARK [3][-]{subsubsection.4.11.2.1}{\376\377\000K\000e\000b\000u\000t\000u\000h\000a\000n\000\040\000P\000e\000r\000a\000n\000\040\000O\000p\000e\000r\000a\000s\000i\000o\000n\000a\000l}{subsection.4.11.2}% 124
\BOOKMARK [3][-]{subsubsection.4.11.2.2}{\376\377\000K\000e\000b\000u\000t\000u\000h\000a\000n\000\040\000D\000u\000k\000u\000n\000g\000a\000n\000\040\000O\000p\000e\000r\000a\000s\000i\000o\000n\000a\000l}{subsection.4.11.2}% 125
\BOOKMARK [2][-]{subsection.4.11.3}{\376\377\000B\000a\000t\000a\000s\000a\000n\000\040\000R\000u\000a\000n\000g\000\040\000L\000i\000n\000g\000k\000u\000p\000\040\000D\000e\000s\000a\000i\000n}{section.4.11}% 126
\BOOKMARK [2][-]{subsection.4.11.4}{\376\377\000R\000a\000n\000g\000k\000u\000m\000a\000n}{section.4.11}% 127
\BOOKMARK [0][-]{chapter.5}{\376\377\000I\000M\000P\000L\000E\000M\000E\000N\000T\000A\000S\000I}{}% 128
\BOOKMARK [1][-]{section.5.1}{\376\377\000G\000a\000m\000b\000a\000r\000a\000n\000\040\000U\000m\000u\000m\000\040\000I\000m\000p\000l\000e\000m\000e\000n\000t\000a\000s\000i}{chapter.5}% 129
\BOOKMARK [1][-]{section.5.2}{\376\377\000R\000e\000a\000l\000i\000s\000a\000s\000i\000\040\000A\000r\000s\000i\000t\000e\000k\000t\000u\000r\000\040\000S\000i\000s\000t\000e\000m}{chapter.5}% 130
\BOOKMARK [2][-]{subsection.5.2.1}{\376\377\000S\000t\000r\000u\000k\000t\000u\000r\000\040\000K\000o\000m\000p\000o\000n\000e\000n\000\040\000I\000m\000p\000l\000e\000m\000e\000n\000t\000a\000s\000i}{section.5.2}% 131
\BOOKMARK [2][-]{subsection.5.2.2}{\376\377\000P\000e\000m\000e\000t\000a\000a\000n\000\040\000I\000m\000p\000l\000e\000m\000e\000n\000t\000a\000s\000i\000\040\000t\000e\000r\000h\000a\000d\000a\000p\000\040\000L\000a\000p\000i\000s\000a\000n\000\040\000A\000r\000s\000i\000t\000e\000k\000t\000u\000r}{section.5.2}% 132
\BOOKMARK [1][-]{section.5.3}{\376\377\000R\000e\000a\000l\000i\000s\000a\000s\000i\000\040\000A\000l\000u\000r\000\040\000D\000a\000t\000a\000\040\000d\000a\000n\000\040\000I\000n\000t\000e\000g\000r\000a\000s\000i}{chapter.5}% 133
\BOOKMARK [2][-]{subsection.5.3.1}{\376\377\000J\000a\000l\000u\000r\000\040\000D\000a\000t\000a\000\040\000T\000e\000r\000s\000t\000r\000u\000k\000t\000u\000r}{section.5.3}% 134
\BOOKMARK [2][-]{subsection.5.3.2}{\376\377\000J\000a\000l\000u\000r\000\040\000V\000i\000d\000e\000o\000\040\000L\000a\000n\000g\000s\000u\000n\000g}{section.5.3}% 135
\BOOKMARK [2][-]{subsection.5.3.3}{\376\377\000P\000r\000o\000p\000a\000g\000a\000s\000i\000\040\000N\000o\000m\000o\000r\000\040\000K\000o\000n\000t\000a\000i\000n\000e\000r}{section.5.3}% 136
\BOOKMARK [1][-]{section.5.4}{\376\377\000R\000e\000a\000l\000i\000s\000a\000s\000i\000\040\000A\000r\000s\000i\000t\000e\000k\000t\000u\000r\000\040\000D\000a\000t\000a}{chapter.5}% 137
\BOOKMARK [2][-]{subsection.5.4.1}{\376\377\000S\000t\000r\000u\000k\000t\000u\000r\000\040\000D\000a\000t\000a\000\040\000I\000n\000t\000i}{section.5.4}% 138
\BOOKMARK [2][-]{subsection.5.4.2}{\376\377\000P\000e\000m\000i\000s\000a\000h\000a\000n\000\040\000P\000e\000n\000y\000i\000m\000p\000a\000n\000a\000n\000\040\000T\000e\000r\000s\000t\000r\000u\000k\000t\000u\000r\000\040\000d\000a\000n\000\040\000A\000r\000t\000e\000f\000a\000k\000\040\000V\000i\000s\000u\000a\000l}{section.5.4}% 139
\BOOKMARK [2][-]{subsection.5.4.3}{\376\377\000D\000u\000k\000u\000n\000g\000a\000n\000\040\000t\000e\000r\000h\000a\000d\000a\000p\000\040\000K\000e\000t\000e\000r\000t\000e\000l\000u\000s\000u\000r\000a\000n\000\040\000d\000a\000n\000\040\000A\000u\000d\000i\000t}{section.5.4}% 140
\BOOKMARK [1][-]{section.5.5}{\376\377\000I\000m\000p\000l\000i\000k\000a\000s\000i\000\040\000I\000m\000p\000l\000e\000m\000e\000n\000t\000a\000s\000i\000\040\000t\000e\000r\000h\000a\000d\000a\000p\000\040\000K\000o\000n\000t\000r\000i\000b\000u\000s\000i\000\040\000A\000r\000s\000i\000t\000e\000k\000t\000u\000r\000a\000l}{chapter.5}% 141
\BOOKMARK [0][-]{chapter.6}{\376\377\000E\000V\000A\000L\000U\000A\000S\000I}{}% 142
\BOOKMARK [1][-]{section.6.1}{\376\377\000T\000u\000j\000u\000a\000n\000\040\000E\000v\000a\000l\000u\000a\000s\000i}{chapter.6}% 143
\BOOKMARK [1][-]{section.6.2}{\376\377\000M\000e\000t\000o\000d\000e\000\040\000E\000v\000a\000l\000u\000a\000s\000i}{chapter.6}% 144
\BOOKMARK [2][-]{subsection.6.2.1}{\376\377\000P\000e\000n\000d\000e\000k\000a\000t\000a\000n\000\040\000E\000v\000a\000l\000u\000a\000s\000i}{section.6.2}% 145
\BOOKMARK [2][-]{subsection.6.2.2}{\376\377\000S\000k\000e\000n\000a\000r\000i\000o\000\040\000E\000v\000a\000l\000u\000a\000s\000i}{section.6.2}% 146
\BOOKMARK [2][-]{subsection.6.2.3}{\376\377\000A\000s\000p\000e\000k\000\040\000y\000a\000n\000g\000\040\000D\000i\000e\000v\000a\000l\000u\000a\000s\000i}{section.6.2}% 147
\BOOKMARK [2][-]{subsection.6.2.4}{\376\377\000M\000a\000t\000r\000i\000k\000s\000\040\000B\000u\000k\000t\000i\000\040\000E\000v\000a\000l\000u\000a\000s\000i}{section.6.2}% 148
\BOOKMARK [2][-]{subsection.6.2.5}{\376\377\000K\000e\000t\000e\000r\000k\000a\000i\000t\000a\000n\000\040\000H\000a\000s\000i\000l\000\040\000E\000v\000a\000l\000u\000a\000s\000i\000\040\000d\000e\000n\000g\000a\000n\000\040\000K\000e\000b\000u\000t\000u\000h\000a\000n\000\040\000S\000i\000s\000t\000e\000m}{section.6.2}% 149
\BOOKMARK [1][-]{section.6.3}{\376\377\000H\000a\000s\000i\000l\000\040\000E\000v\000a\000l\000u\000a\000s\000i}{chapter.6}% 150
\BOOKMARK [2][-]{subsection.6.3.1}{\376\377\000H\000a\000s\000i\000l\000\040\000p\000a\000d\000a\000\040\000I\000n\000t\000e\000g\000r\000a\000s\000i\000\040\000A\000n\000t\000a\000r\000l\000a\000y\000a\000n\000a\000n}{section.6.3}% 151
\BOOKMARK [2][-]{subsection.6.3.2}{\376\377\000H\000a\000s\000i\000l\000\040\000p\000a\000d\000a\000\040\000A\000l\000u\000r\000\040\000I\000d\000e\000n\000t\000i\000f\000i\000k\000a\000s\000i\000\040\000d\000a\000n\000\040\000P\000e\000m\000i\000n\000d\000a\000i\000a\000n}{section.6.3}% 152
\BOOKMARK [2][-]{subsection.6.3.3}{\376\377\000H\000a\000s\000i\000l\000\040\000p\000a\000d\000a\000\040\000J\000a\000l\000u\000r\000\040\000V\000i\000d\000e\000o\000\040\000L\000a\000n\000g\000s\000u\000n\000g}{section.6.3}% 153
\BOOKMARK [2][-]{subsection.6.3.4}{\376\377\000H\000a\000s\000i\000l\000\040\000p\000a\000d\000a\000\040\000A\000r\000s\000i\000t\000e\000k\000t\000u\000r\000\040\000D\000a\000t\000a}{section.6.3}% 154
\BOOKMARK [2][-]{subsection.6.3.5}{\376\377\000T\000e\000m\000u\000a\000n\000\040\000E\000v\000a\000l\000u\000a\000s\000i\000\040\000U\000t\000a\000m\000a}{section.6.3}% 155
\BOOKMARK [1][-]{section.6.4}{\376\377\000P\000e\000m\000b\000a\000h\000a\000s\000a\000n\000\040\000H\000a\000s\000i\000l\000\040\000E\000v\000a\000l\000u\000a\000s\000i}{chapter.6}% 156
\BOOKMARK [2][-]{subsection.6.4.1}{\376\377\000V\000a\000l\000i\000d\000a\000s\000i\000\040\000K\000o\000n\000s\000e\000p\000t\000u\000a\000l\000\040\000t\000e\000r\000h\000a\000d\000a\000p\000\040\000T\000u\000j\000u\000a\000n\000\040\000A\000r\000s\000i\000t\000e\000k\000t\000u\000r\000a\000l}{section.6.4}% 157
\BOOKMARK [1][-]{section.6.5}{\376\377\000K\000e\000t\000e\000r\000b\000a\000t\000a\000s\000a\000n\000\040\000E\000v\000a\000l\000u\000a\000s\000i}{chapter.6}% 158
\BOOKMARK [0][-]{chapter.7}{\376\377\000P\000E\000N\000U\000T\000U\000P}{}% 159
\BOOKMARK [1][-]{section.7.1}{\376\377\000K\000e\000s\000i\000m\000p\000u\000l\000a\000n}{chapter.7}% 160
\BOOKMARK [1][-]{section.7.2}{\376\377\000S\000a\000r\000a\000n}{chapter.7}% 161
\BOOKMARK [0][-]{appendix.1.A}{\376\377\000L\000a\000m\000p\000i\000r\000a\000n\000\040\000H\000A\000S\000I\000L\000\040\000S\000U\000R\000V\000E\000I\000\040\000L\000A\000P\000A\000N\000G\000A\000N}{}% 162
\BOOKMARK [1][-]{section.1.A.1}{\376\377\000D\000o\000k\000u\000m\000e\000n\000t\000a\000s\000i\000\040\000F\000o\000t\000o\000\040\000S\000u\000r\000v\000e\000i\000\040\000L\000o\000k\000a\000s\000i}{appendix.1.A}% 163
\BOOKMARK [2][-]{subsection.1.A.1.1}{\376\377\000T\000e\000r\000m\000i\000n\000a\000l\000\040\000P\000e\000l\000i\000n\000d\000o\000\040\000P\000e\000t\000i\000\040\000K\000e\000m\000a\000s\000\040\000T\000a\000n\000j\000u\000n\000g\000\040\000P\000r\000i\000o\000k}{section.1.A.1}% 164
\BOOKMARK [2][-]{subsection.1.A.1.2}{\376\377\000D\000e\000p\000o\000\040\000P\000e\000t\000i\000\040\000K\000e\000m\000a\000s\000\040\000T\000a\000n\000j\000u\000n\000g\000\040\000P\000r\000i\000o\000k\000\040\000S\000P\000I\000L}{section.1.A.1}% 165
\BOOKMARK [1][-]{section.1.A.2}{\376\377\000R\000i\000n\000g\000k\000a\000s\000a\000n\000\040\000T\000e\000m\000u\000a\000n\000\040\000S\000u\000r\000v\000e\000i\000\040\000L\000a\000p\000a\000n\000g\000a\000n}{appendix.1.A}% 166
\BOOKMARK [2][-]{subsection.1.A.2.1}{\376\377\000A\000l\000u\000r\000\040\000O\000p\000e\000r\000a\000s\000i\000o\000n\000a\000l\000\040\000T\000e\000r\000m\000i\000n\000a\000l\000\040\000d\000a\000n\000\040\000I\000n\000s\000p\000e\000k\000s\000i\000\040\000K\000o\000n\000t\000a\000i\000n\000e\000r}{section.1.A.2}% 167
\BOOKMARK [2][-]{subsection.1.A.2.2}{\376\377\000K\000o\000n\000d\000i\000s\000i\000\040\000I\000n\000s\000p\000e\000k\000s\000i\000\040\000F\000i\000s\000i\000k\000\040\000y\000a\000n\000g\000\040\000M\000a\000s\000i\000h\000\040\000M\000a\000n\000u\000a\000l}{section.1.A.2}% 168
\BOOKMARK [2][-]{subsection.1.A.2.3}{\376\377\000I\000n\000f\000r\000a\000s\000t\000r\000u\000k\000t\000u\000r\000\040\000P\000e\000m\000i\000n\000d\000a\000i\000a\000n\000\040\000d\000a\000n\000\040\000B\000a\000t\000a\000s\000\040\000W\000e\000w\000e\000n\000a\000n\000g}{section.1.A.2}% 169
\BOOKMARK [2][-]{subsection.1.A.2.4}{\376\377\000K\000e\000t\000e\000r\000b\000a\000t\000a\000s\000a\000n\000\040\000I\000n\000t\000e\000g\000r\000a\000s\000i\000\040\000D\000a\000t\000a\000\040\000d\000a\000n\000\040\000S\000i\000s\000t\000e\000m\000\040\000T\000e\000r\000m\000i\000n\000a\000l}{section.1.A.2}% 170
\BOOKMARK [1][-]{section.1.A.3}{\376\377\000R\000i\000n\000g\000k\000a\000s\000a\000n\000\040\000W\000a\000w\000a\000n\000c\000a\000r\000a\000\040\000d\000a\000n\000\040\000D\000o\000k\000u\000m\000e\000n\000\040\000P\000e\000n\000d\000u\000k\000u\000n\000g}{appendix.1.A}% 171
\BOOKMARK [2][-]{subsection.1.A.3.1}{\376\377\000P\000o\000k\000o\000k\000\040\000P\000e\000r\000t\000a\000n\000y\000a\000a\000n\000\040\000W\000a\000w\000a\000n\000c\000a\000r\000a}{section.1.A.3}% 172
\BOOKMARK [2][-]{subsection.1.A.3.2}{\376\377\000R\000i\000n\000g\000k\000a\000s\000a\000n\000\040\000W\000a\000w\000a\000n\000c\000a\000r\000a\000\040\000L\000a\000p\000a\000n\000g\000a\000n}{section.1.A.3}% 173
\BOOKMARK [2][-]{subsection.1.A.3.3}{\376\377\000D\000o\000k\000u\000m\000e\000n\000\040\000P\000e\000n\000d\000u\000k\000u\000n\000g\000\040\000y\000a\000n\000g\000\040\000D\000i\000p\000e\000r\000o\000l\000e\000h}{section.1.A.3}% 174
\BOOKMARK [1][-]{section.1.A.4}{\376\377\000B\000u\000k\000t\000i\000\040\000T\000a\000m\000p\000i\000l\000a\000n\000\040\000R\000e\000a\000l\000i\000s\000a\000s\000i\000\040\000S\000i\000s\000t\000e\000m}{appendix.1.A}% 175
\BOOKMARK [1][-]{section.1.A.5}{\376\377\000C\000o\000n\000t\000o\000h\000\040\000S\000t\000r\000u\000k\000t\000u\000r\000\040\000D\000a\000t\000a\000\040\000I\000n\000t\000i\000\040\000d\000a\000n\000\040\000P\000e\000n\000y\000i\000m\000p\000a\000n\000a\000n\000\040\000A\000r\000t\000e\000f\000a\000k}{appendix.1.A}% 176
